2026-07-28 17:59:06.854 [INFO ] com.ive.Main - Interface Validation Engine - starting
2026-07-28 17:59:06.869 [INFO ] com.ive.Main - Dictionary : C:\Users\RubenDarioIbarraVirl\Documents\atmSabanas\test\sb_dato_tasa_compensada_20271230.xlsx
2026-07-28 17:59:06.872 [INFO ] com.ive.Main - Sábana     : C:\Users\RubenDarioIbarraVirl\Documents\atmSabanas\test\sb_dato_tasa_compensada_20271230.txt
2026-07-28 17:59:06.976 [INFO ] com.ive.dictionary.DictionaryReader - Reading dictionary: C:\Users\RubenDarioIbarraVirl\Documents\atmSabanas\test\sb_dato_tasa_compensada_20271230.xlsx
2026-07-28 17:59:07.852 [INFO ] com.ive.dictionary.DictionaryReader - Workbook contains 1 sheet(s).
2026-07-28 17:59:07.904 [INFO ] com.ive.dictionary.DictionaryReader - Sheet 'sb_dato_tasa_compensada': 32 field(s), 2 data row(s) loaded.
2026-07-28 17:59:07.906 [INFO ] com.ive.dictionary.DictionaryReader - Dictionary loaded successfully: 1 valid sheet(s).
2026-07-28 17:59:07.907 [INFO ] com.ive.Main - Dictionary loaded: 1 sheet(s).
2026-07-28 17:59:07.907 [INFO ] com.ive.Main - Looking for sheet matching fragment: 'sb_dato_tasa_compensada_20271230'
2026-07-28 17:59:07.909 [INFO ] com.ive.Main - Matched sheet: 'sb_dato_tasa_compensada' (32 fields, 2 Excel data row(s))
2026-07-28 17:59:07.913 [INFO ] com.ive.engine.ComparisonEngine - Key fields for 'sb_dato_tasa_compensada': [dt_operacion_id, dt_cliente_id]
2026-07-28 17:59:07.915 [INFO ] com.ive.util.FlatFileReader - Reading interface file: C:\Users\RubenDarioIbarraVirl\Documents\atmSabanas\test\sb_dato_tasa_compensada_20271230.txt
2026-07-28 17:59:07.917 [INFO ] com.ive.util.FlatFileReader - Interface file loaded: 40 line(s).
2026-07-28 17:59:07.921 [INFO ] com.ive.engine.SabanaIndex - SabanaIndex built: 40 record(s) indexed.
2026-07-28 17:59:07.924 [INFO ] com.ive.engine.ComparisonEngine - Comparison complete: 2/2 Excel row(s) have errors.
2026-07-28 17:59:07.928 [INFO ] com.ive.excel.ResultWriter - Writing result file: C:\Users\RubenDarioIbarraVirl\Documents\atmSabanas\test\resultado_sb_dato_tasa_compensada_20260728_175907.xlsx
2026-07-28 17:59:08.964 [INFO ] com.ive.excel.ResultWriter - Result file saved: C:\Users\RubenDarioIbarraVirl\Documents\atmSabanas\test\resultado_sb_dato_tasa_compensada_20260728_175907.xlsx
2026-07-28 17:59:08.964 [WARN ] com.ive.Main - Result: FAIL - 2/2 Excel row(s) have errors. See: C:\Users\RubenDarioIbarraVirl\Documents\atmSabanas\test\resultado_sb_dato_tasa_compensada_20260728_175907.xlsx
2026-07-28 17:59:08.965 [INFO ] com.ive.Main - Interface Validation Engine - done
2026-07-28 18:02:34.660 [INFO ] com.ive.Main - Interface Validation Engine - starting
2026-07-28 18:02:34.662 [INFO ] com.ive.Main - Dictionary : C:\Users\RubenDarioIbarraVirl\Documents\atmSabanas\test\sabana.xlsx
2026-07-28 18:02:34.664 [INFO ] com.ive.Main - Sábana     : C:\Users\RubenDarioIbarraVirl\Documents\atmSabanas\test\sb_dato_operacion_fondos_20271221.txt
2026-07-28 18:02:34.731 [INFO ] com.ive.dictionary.DictionaryReader - Reading dictionary: C:\Users\RubenDarioIbarraVirl\Documents\atmSabanas\test\sabana.xlsx
2026-07-28 18:02:35.610 [INFO ] com.ive.dictionary.DictionaryReader - Workbook contains 7 sheet(s).
2026-07-28 18:02:35.636 [WARN ] com.ive.dictionary.DictionaryReader - Sheet '   sb_dato_operacion_fondos': conditional OBLIGATORIEDAD 'Si para fondo de vivienda o garantía' treated as REQUIRED.
2026-07-28 18:02:35.637 [WARN ] com.ive.dictionary.DictionaryReader - Sheet '   sb_dato_operacion_fondos': conditional OBLIGATORIEDAD 'Si para fondo de vivienda o garantía' treated as REQUIRED.
2026-07-28 18:02:35.639 [WARN ] com.ive.dictionary.DictionaryReader - Sheet '   sb_dato_operacion_fondos': conditional OBLIGATORIEDAD 'Si para fondo de vivienda o garantía' treated as REQUIRED.
2026-07-28 18:02:35.640 [WARN ] com.ive.dictionary.DictionaryReader - Sheet '   sb_dato_operacion_fondos': conditional OBLIGATORIEDAD 'Si para fondo de Vivienda y Garantía' treated as REQUIRED.
2026-07-28 18:02:35.640 [WARN ] com.ive.dictionary.DictionaryReader - Sheet '   sb_dato_operacion_fondos': conditional OBLIGATORIEDAD 'Si para fondo de vivienda' treated as REQUIRED.
2026-07-28 18:02:35.641 [WARN ] com.ive.dictionary.DictionaryReader - Sheet '   sb_dato_operacion_fondos': conditional OBLIGATORIEDAD 'Si para fondo de vivienda' treated as REQUIRED.
2026-07-28 18:02:35.642 [WARN ] com.ive.dictionary.DictionaryReader - Sheet '   sb_dato_operacion_fondos': conditional OBLIGATORIEDAD 'Si para fondo de garantía' treated as REQUIRED.
2026-07-28 18:02:35.644 [WARN ] com.ive.dictionary.DictionaryReader - Sheet '   sb_dato_operacion_fondos': conditional OBLIGATORIEDAD 'Si para fondo de vivienda o garantía' treated as REQUIRED.
2026-07-28 18:02:35.645 [WARN ] com.ive.dictionary.DictionaryReader - Sheet '   sb_dato_operacion_fondos': conditional OBLIGATORIEDAD 'Si para fondo de vivienda' treated as REQUIRED.
2026-07-28 18:02:35.646 [WARN ] com.ive.dictionary.DictionaryReader - Sheet '   sb_dato_operacion_fondos': conditional OBLIGATORIEDAD 'Si para fondo de vivienda o garantía' treated as REQUIRED.
2026-07-28 18:02:35.646 [WARN ] com.ive.dictionary.DictionaryReader - Sheet '   sb_dato_operacion_fondos': conditional OBLIGATORIEDAD 'Si para fondo de vivienda' treated as REQUIRED.
2026-07-28 18:02:35.648 [WARN ] com.ive.dictionary.DictionaryReader - Sheet '   sb_dato_operacion_fondos': conditional OBLIGATORIEDAD 'Si para fondo de garantía
En la sabana de operación visualizar la sumatoria de los valores pagados por garantía (join de la tabla)  "Sumatoria de montos pagados por el fondo de grantia en estado (Reclamación parcial, ReclamaciónTotal' treated as REQUIRED.
2026-07-28 18:02:35.652 [WARN ] com.ive.dictionary.DictionaryReader - Sheet '   sb_dato_operacion_fondos': conditional OBLIGATORIEDAD 'Si para fondo de garantía' treated as REQUIRED.
2026-07-28 18:02:35.652 [WARN ] com.ive.dictionary.DictionaryReader - Sheet '   sb_dato_operacion_fondos': conditional OBLIGATORIEDAD 'Si, aplica para Fondos Estatutarios que tiene contribución periódica' treated as REQUIRED.
2026-07-28 18:02:35.696 [INFO ] com.ive.dictionary.DictionaryReader - Sheet '   sb_dato_operacion_fondos': 49 field(s), 4 data row(s) loaded.
2026-07-28 18:02:35.699 [WARN ] com.ive.dictionary.DictionaryReader - Sheet 'sb_dato_transacciones_fondos': conditional OBLIGATORIEDAD 'SI
C: Crédito, D:Débito, T:Transacciones de Servicio
Las transacciones de servicio aplica para transacciones NO Monetarias' treated as REQUIRED.
2026-07-28 18:02:35.710 [INFO ] com.ive.dictionary.DictionaryReader - Sheet 'sb_dato_transacciones_fondos': 30 field(s), 4 data row(s) loaded.
2026-07-28 18:02:35.721 [INFO ] com.ive.dictionary.DictionaryReader - Sheet 'sb_dato_cuentas_por_cobrar': 27 field(s), 3 data row(s) loaded.
2026-07-28 18:02:35.723 [INFO ] com.ive.dictionary.DictionaryReader - Sheet '   sb_dato_revalorizacion': 16 field(s), 0 data row(s) loaded.
2026-07-28 18:02:35.724 [WARN ] com.ive.dictionary.DictionaryReader - Sheet 'sb_dato_procesos_especiales': conditional OBLIGATORIEDAD 'SI cuando Tipo de Proceso (AMA). Para los otros Procesos Especiales va Null.' treated as REQUIRED.
2026-07-28 18:02:35.725 [WARN ] com.ive.dictionary.DictionaryReader - Sheet 'sb_dato_procesos_especiales': conditional OBLIGATORIEDAD 'SI cuando Tipo de Proceso (AMA,CEA, LIQ). Para los otros Procesos Especiales va Null.' treated as REQUIRED.
2026-07-28 18:02:35.726 [WARN ] com.ive.dictionary.DictionaryReader - Sheet 'sb_dato_procesos_especiales': conditional OBLIGATORIEDAD 'SI cuando Tipo de Proceso (AMA,CEA). Para los otros Procesos Especiales va Null.' treated as REQUIRED.
2026-07-28 18:02:35.726 [WARN ] com.ive.dictionary.DictionaryReader - Sheet 'sb_dato_procesos_especiales': conditional OBLIGATORIEDAD 'SI cuando Tipo de Proceso (AMA,CEA). Para los otros Procesos Especiales va Null.' treated as REQUIRED.
2026-07-28 18:02:35.726 [WARN ] com.ive.dictionary.DictionaryReader - Sheet 'sb_dato_procesos_especiales': conditional OBLIGATORIEDAD 'SI cuando Tipo de Proceso (AMA, AUX). Para los otros Procesos Especiales va Null.' treated as REQUIRED.
2026-07-28 18:02:35.726 [WARN ] com.ive.dictionary.DictionaryReader - Sheet 'sb_dato_procesos_especiales': conditional OBLIGATORIEDAD 'SI cuando Tipo de Proceso (AMA, AUX, REAC). Para los otros Procesos Especiales va Null.' treated as REQUIRED.
2026-07-28 18:02:35.726 [WARN ] com.ive.dictionary.DictionaryReader - Sheet 'sb_dato_procesos_especiales': conditional OBLIGATORIEDAD 'SI cuando Tipo de Proceso (AUX, CEA, REC, LIQ). Para los otros Procesos Especiales va Null.' treated as REQUIRED.
2026-07-28 18:02:35.726 [WARN ] com.ive.dictionary.DictionaryReader - Sheet 'sb_dato_procesos_especiales': conditional OBLIGATORIEDAD 'SI cuando Tipo de Proceso (CEA). Para los otros Procesos Especiales va Null.' treated as REQUIRED.
2026-07-28 18:02:35.728 [WARN ] com.ive.dictionary.DictionaryReader - Sheet 'sb_dato_procesos_especiales': conditional OBLIGATORIEDAD 'SI cuando Tipo de Proceso (CEA). Para los otros Procesos Especiales va Null.' treated as REQUIRED.
2026-07-28 18:02:35.728 [WARN ] com.ive.dictionary.DictionaryReader - Sheet 'sb_dato_procesos_especiales': conditional OBLIGATORIEDAD 'SI cuando Tipo de Proceso (CEA). Para los otros Procesos Especiales va Null.' treated as REQUIRED.
2026-07-28 18:02:35.729 [WARN ] com.ive.dictionary.DictionaryReader - Sheet 'sb_dato_procesos_especiales': conditional OBLIGATORIEDAD 'SI cuando Tipo de Proceso (CEA). Para los otros Procesos Especiales va Null.' treated as REQUIRED.
2026-07-28 18:02:35.729 [WARN ] com.ive.dictionary.DictionaryReader - Sheet 'sb_dato_procesos_especiales': conditional OBLIGATORIEDAD 'SI cuando Tipo de Proceso (REC). Para los otros Procesos Especiales va Null.' treated as REQUIRED.
2026-07-28 18:02:35.730 [WARN ] com.ive.dictionary.DictionaryReader - Sheet 'sb_dato_procesos_especiales': conditional OBLIGATORIEDAD 'SI cuando Tipo de Proceso (REC). Para los otros Procesos Especiales va Null.' treated as REQUIRED.
2026-07-28 18:02:35.730 [WARN ] com.ive.dictionary.DictionaryReader - Sheet 'sb_dato_procesos_especiales': conditional OBLIGATORIEDAD 'SI cuando Tipo de Proceso (REC). Para los otros Procesos Especiales va Null.' treated as REQUIRED.
2026-07-28 18:02:35.730 [WARN ] com.ive.dictionary.DictionaryReader - Sheet 'sb_dato_procesos_especiales': conditional OBLIGATORIEDAD 'SI cuando Tipo de Proceso (REI). Para los otros Procesos Especiales va Null.' treated as REQUIRED.
2026-07-28 18:02:35.730 [WARN ] com.ive.dictionary.DictionaryReader - Sheet 'sb_dato_procesos_especiales': conditional OBLIGATORIEDAD 'SI cuando Tipo de Proceso (REI). Para los otros Procesos Especiales va Null.' treated as REQUIRED.
2026-07-28 18:02:35.731 [WARN ] com.ive.dictionary.DictionaryReader - Sheet 'sb_dato_procesos_especiales': conditional OBLIGATORIEDAD 'SI cuando Tipo de Proceso (REI). Para los otros Procesos Especiales va Null.' treated as REQUIRED.
2026-07-28 18:02:35.731 [WARN ] com.ive.dictionary.DictionaryReader - Sheet 'sb_dato_procesos_especiales': conditional OBLIGATORIEDAD 'SI cuando Tipo de Proceso (REI). Para los otros Procesos Especiales va Null.' treated as REQUIRED.
2026-07-28 18:02:35.731 [WARN ] com.ive.dictionary.DictionaryReader - Sheet 'sb_dato_procesos_especiales': conditional OBLIGATORIEDAD 'SI cuando Tipo de Proceso (REI). Para los otros Procesos Especiales va Null.' treated as REQUIRED.
2026-07-28 18:02:35.732 [WARN ] com.ive.dictionary.DictionaryReader - Sheet 'sb_dato_procesos_especiales': conditional OBLIGATORIEDAD 'Si cuando Tipo de Proceso (LIQ, REI) y existan órdenes de pago generadas.
Para los otros Procesos Especiales va Null.' treated as REQUIRED.
2026-07-28 18:02:35.732 [WARN ] com.ive.dictionary.DictionaryReader - Sheet 'sb_dato_procesos_especiales': conditional OBLIGATORIEDAD 'SI cuando Tipo de Proceso (TEF). Para los otros Procesos Especiales va Null.' treated as REQUIRED.
2026-07-28 18:02:35.733 [WARN ] com.ive.dictionary.DictionaryReader - Sheet 'sb_dato_procesos_especiales': conditional OBLIGATORIEDAD 'SI cuando Tipo de Proceso (TEF). Para los otros Procesos Especiales va Null.' treated as REQUIRED.
2026-07-28 18:02:35.733 [WARN ] com.ive.dictionary.DictionaryReader - Sheet 'sb_dato_procesos_especiales': conditional OBLIGATORIEDAD 'SI cuando Tipo de Proceso (TEF). Para los otros Procesos Especiales va Null.' treated as REQUIRED.
2026-07-28 18:02:35.733 [WARN ] com.ive.dictionary.DictionaryReader - Sheet 'sb_dato_procesos_especiales': conditional OBLIGATORIEDAD 'SI cuando Tipo de Proceso (TEF). Para los otros Procesos Especiales va Null.' treated as REQUIRED.
2026-07-28 18:02:35.733 [WARN ] com.ive.dictionary.DictionaryReader - Sheet 'sb_dato_procesos_especiales': conditional OBLIGATORIEDAD 'SI cuando Tipo de Proceso (LIQ). Para los otros Procesos Especiales va Null.' treated as REQUIRED.
2026-07-28 18:02:35.734 [WARN ] com.ive.dictionary.DictionaryReader - Sheet 'sb_dato_procesos_especiales': conditional OBLIGATORIEDAD 'SI cuando Tipo de Proceso (LIQ,AUX,CEA). Para los otros Procesos Especiales va Null.' treated as REQUIRED.
2026-07-28 18:02:35.734 [WARN ] com.ive.dictionary.DictionaryReader - Sheet 'sb_dato_procesos_especiales': conditional OBLIGATORIEDAD 'SI cuando Tipo de Proceso (LIQ). Para los otros Procesos Especiales va Null.' treated as REQUIRED.
2026-07-28 18:02:35.734 [WARN ] com.ive.dictionary.DictionaryReader - Sheet 'sb_dato_procesos_especiales': conditional OBLIGATORIEDAD 'SI cuando Tipo de Proceso (LIQ). Para los otros Procesos Especiales va Null.' treated as REQUIRED.
2026-07-28 18:02:35.735 [WARN ] com.ive.dictionary.DictionaryReader - Sheet 'sb_dato_procesos_especiales': conditional OBLIGATORIEDAD 'SI cuando Tipo de Proceso (LIQ). Para los otros Procesos Especiales va Null.' treated as REQUIRED.
2026-07-28 18:02:35.736 [WARN ] com.ive.dictionary.DictionaryReader - Sheet 'sb_dato_procesos_especiales': conditional OBLIGATORIEDAD 'SI cuando Tipo de Proceso (LIQ). Para los otros Procesos Especiales va Null.' treated as REQUIRED.
2026-07-28 18:02:35.736 [WARN ] com.ive.dictionary.DictionaryReader - Sheet 'sb_dato_procesos_especiales': conditional OBLIGATORIEDAD 'SI cuando Tipo de Proceso (LIQ) y tipo de liquidación es excluSIón. Para los otros Procesos Especiales va Null.' treated as REQUIRED.
2026-07-28 18:02:35.737 [WARN ] com.ive.dictionary.DictionaryReader - Sheet 'sb_dato_procesos_especiales': conditional OBLIGATORIEDAD 'SI cuando Tipo de Proceso (LIQ). Para los otros Procesos Especiales va Null.' treated as REQUIRED.
2026-07-28 18:02:35.737 [WARN ] com.ive.dictionary.DictionaryReader - Sheet 'sb_dato_procesos_especiales': conditional OBLIGATORIEDAD 'SI cuando Tipo de Proceso (LIQ). Para los otros Procesos Especiales va Null.' treated as REQUIRED.
2026-07-28 18:02:35.737 [WARN ] com.ive.dictionary.DictionaryReader - Sheet 'sb_dato_procesos_especiales': conditional OBLIGATORIEDAD 'SI cuando Tipo de Proceso (LIQ). Para los otros Procesos Especiales va Null.' treated as REQUIRED.
2026-07-28 18:02:35.737 [WARN ] com.ive.dictionary.DictionaryReader - Sheet 'sb_dato_procesos_especiales': conditional OBLIGATORIEDAD 'SI cuando Tipo de Proceso (LIQ). Para los otros Procesos Especiales va Null.' treated as REQUIRED.
2026-07-28 18:02:35.738 [WARN ] com.ive.dictionary.DictionaryReader - Sheet 'sb_dato_procesos_especiales': conditional OBLIGATORIEDAD 'SI cuando Tipo de Proceso (LIQ) y es una liquidación maSIva. Para los otros Procesos Especiales va Null.' treated as REQUIRED.
2026-07-28 18:02:35.738 [WARN ] com.ive.dictionary.DictionaryReader - Sheet 'sb_dato_procesos_especiales': conditional OBLIGATORIEDAD 'SI cuando Tipo de Proceso (LIQ). Para los otros Procesos Especiales va Null.' treated as REQUIRED.
2026-07-28 18:02:35.738 [WARN ] com.ive.dictionary.DictionaryReader - Sheet 'sb_dato_procesos_especiales': conditional OBLIGATORIEDAD 'SI cuando Tipo de Proceso (AMA,CEA, AUX,LIQ, REC, REI, TEF, REAC). Para los otros Procesos Especiales va Null.' treated as REQUIRED.
2026-07-28 18:02:35.739 [WARN ] com.ive.dictionary.DictionaryReader - Sheet 'sb_dato_procesos_especiales': conditional OBLIGATORIEDAD 'SI cuando Tipo de Proceso (LIQ). Para los otros Procesos Especiales va Null.' treated as REQUIRED.
2026-07-28 18:02:35.739 [WARN ] com.ive.dictionary.DictionaryReader - Sheet 'sb_dato_procesos_especiales': conditional OBLIGATORIEDAD 'Si cuando Tipo de Proceso (AMA,CEA, AUX,LIQ, REC, REI, TEF,REAC). Para los otros Procesos Especiales va Null.' treated as REQUIRED.
2026-07-28 18:02:35.741 [WARN ] com.ive.dictionary.DictionaryReader - Sheet 'sb_dato_procesos_especiales': conditional OBLIGATORIEDAD 'Si cuando Tipo de Proceso (AMA,CEA, AUX,LIQ, REC, REI, TEF, REAC). Para los otros Procesos Especiales va Null.' treated as REQUIRED.
2026-07-28 18:02:35.741 [WARN ] com.ive.dictionary.DictionaryReader - Sheet 'sb_dato_procesos_especiales': conditional OBLIGATORIEDAD 'Si cuando Tipo de Proceso (AMA,CEA, AUX,LIQ, REC, REI, TEF, REAC). Para los otros Procesos Especiales va Null.' treated as REQUIRED.
2026-07-28 18:02:35.741 [WARN ] com.ive.dictionary.DictionaryReader - Sheet 'sb_dato_procesos_especiales': conditional OBLIGATORIEDAD 'Si cuando Tipo de Proceso (AMA,CEA, AUX,LIQ, REC, REI, TEF,REAC). Para los otros Procesos Especiales va Null.' treated as REQUIRED.
2026-07-28 18:02:35.741 [WARN ] com.ive.dictionary.DictionaryReader - Sheet 'sb_dato_procesos_especiales': conditional OBLIGATORIEDAD 'Si cuando Tipo de Proceso (AMA,CEA, AUX,LIQ, REC, REI, TEF, REAC). Para los otros Procesos Especiales va Null.' treated as REQUIRED.
2026-07-28 18:02:35.742 [WARN ] com.ive.dictionary.DictionaryReader - Sheet 'sb_dato_procesos_especiales': conditional OBLIGATORIEDAD 'Si cuando Tipo de Proceso (AMA,CEA, AUX,LIQ, REC, REI, TEF, REAC). Para los otros Procesos Especiales va Null.' treated as REQUIRED.
2026-07-28 18:02:35.742 [WARN ] com.ive.dictionary.DictionaryReader - Sheet 'sb_dato_procesos_especiales': conditional OBLIGATORIEDAD 'SI cuando Tipo de Proceso (LIQ). Para los otros Procesos Especiales va Null.' treated as REQUIRED.
2026-07-28 18:02:35.744 [INFO ] com.ive.dictionary.DictionaryReader - Sheet 'sb_dato_procesos_especiales': 75 field(s), 0 data row(s) loaded.
2026-07-28 18:02:35.749 [INFO ] com.ive.dictionary.DictionaryReader - Sheet 'sb_dato_tasa_compensada': 32 field(s), 0 data row(s) loaded.
2026-07-28 18:02:35.750 [INFO ] com.ive.dictionary.DictionaryReader - Sheet '   sb_dato_traslados': 17 field(s), 0 data row(s) loaded.
2026-07-28 18:02:35.754 [INFO ] com.ive.dictionary.DictionaryReader - Dictionary loaded successfully: 7 valid sheet(s).
2026-07-28 18:02:35.754 [INFO ] com.ive.Main - Dictionary loaded: 7 sheet(s).
2026-07-28 18:02:35.754 [INFO ] com.ive.Main - Looking for sheet matching fragment: 'sb_dato_operacion_fondos_20271221'
2026-07-28 18:02:35.757 [INFO ] com.ive.Main - Matched sheet: '   sb_dato_operacion_fondos' (49 fields, 4 Excel data row(s))
2026-07-28 18:02:35.763 [INFO ] com.ive.engine.ComparisonEngine - Key fields for '   sb_dato_operacion_fondos': [do_id, do_ente]
2026-07-28 18:02:35.766 [INFO ] com.ive.util.FlatFileReader - Reading interface file: C:\Users\RubenDarioIbarraVirl\Documents\atmSabanas\test\sb_dato_operacion_fondos_20271221.txt
2026-07-28 18:02:35.770 [INFO ] com.ive.util.FlatFileReader - Interface file loaded: 37 line(s).
2026-07-28 18:02:35.774 [INFO ] com.ive.engine.SabanaIndex - SabanaIndex built: 37 record(s) indexed.
2026-07-28 18:02:35.784 [INFO ] com.ive.engine.ComparisonEngine - Comparison complete: 4/4 Excel row(s) have errors.
2026-07-28 18:02:35.787 [INFO ] com.ive.excel.ResultWriter - Writing result file: C:\Users\RubenDarioIbarraVirl\Documents\atmSabanas\test\resultado_sb_dato_operacion_fondos_20260728_180235.xlsx
2026-07-28 18:02:36.443 [INFO ] com.ive.excel.ResultWriter - Result file saved: C:\Users\RubenDarioIbarraVirl\Documents\atmSabanas\test\resultado_sb_dato_operacion_fondos_20260728_180235.xlsx
2026-07-28 18:02:36.444 [WARN ] com.ive.Main - Result: FAIL - 4/4 Excel row(s) have errors. See: C:\Users\RubenDarioIbarraVirl\Documents\atmSabanas\test\resultado_sb_dato_operacion_fondos_20260728_180235.xlsx
2026-07-28 18:02:36.444 [INFO ] com.ive.Main - Interface Validation Engine - done
